// Jest Snapshot v1, https://goo.gl/fbAQLP

exports[`App renders should match snapshot 1`] = `
<div
  className="App"
>
  <div>
    <div
      className="login-div"
    >
      <h3
        className="MuiTypography-root MuiTypography-h3"
      >
        Login
      </h3>
      <h6
        className="MuiTypography-root MuiTypography-subtitle1"
      >
        Welcome back! Login to begin meal prepping!
      </h6>
      <div
        className="MuiPaper-root MuiCard-root login-card MuiPaper-elevation1 MuiPaper-rounded"
      >
        <form>
          <div
            className="MuiCardContent-root"
          >
            <div
              className="MuiFormControl-root MuiTextField-root login-input"
            >
              <label
                className="MuiFormLabel-root MuiInputLabel-root MuiInputLabel-formControl MuiInputLabel-animated MuiInputLabel-filled"
                data-shrink={false}
                htmlFor="email"
                id="email-label"
              >
                Email Address
              </label>
              <div
                className="MuiInputBase-root MuiFilledInput-root MuiFilledInput-underline MuiInputBase-formControl"
                onClick={[Function]}
              >
                <input
                  aria-invalid={false}
                  autoFocus={false}
                  className="MuiInputBase-input MuiFilledInput-input"
                  disabled={false}
                  id="email"
                  onAnimationStart={[Function]}
                  onBlur={[Function]}
                  onChange={[Function]}
                  onFocus={[Function]}
                  required={false}
                  type="text"
                  value=""
                />
              </div>
            </div>
            <div
              className="MuiFormControl-root MuiTextField-root login-input"
            >
              <label
                className="MuiFormLabel-root MuiInputLabel-root MuiInputLabel-formControl MuiInputLabel-animated MuiInputLabel-filled"
                data-shrink={false}
                htmlFor="password"
                id="password-label"
              >
                Password
              </label>
              <div
                className="MuiInputBase-root MuiFilledInput-root MuiFilledInput-underline MuiInputBase-formControl"
                onClick={[Function]}
              >
                <input
                  aria-invalid={false}
                  autoFocus={false}
                  className="MuiInputBase-input MuiFilledInput-input"
                  disabled={false}
                  id="password"
                  onAnimationStart={[Function]}
                  onBlur={[Function]}
                  onChange={[Function]}
                  onFocus={[Function]}
                  required={false}
                  type="password"
                  value=""
                />
              </div>
            </div>
            <a
              className="MuiTypography-root MuiLink-root MuiLink-underlineHover forgot-password MuiTypography-colorPrimary"
              href="/forgotpassword"
              onBlur={[Function]}
              onFocus={[Function]}
            >
              Forgot Password?
            </a>
            <button
              className="MuiButtonBase-root MuiButton-root MuiButton-contained login-button MuiButton-containedPrimary"
              disabled={false}
              onBlur={[Function]}
              onClick={[Function]}
              onDragLeave={[Function]}
              onFocus={[Function]}
              onKeyDown={[Function]}
              onKeyUp={[Function]}
              onMouseDown={[Function]}
              onMouseLeave={[Function]}
              onMouseUp={[Function]}
              onTouchEnd={[Function]}
              onTouchMove={[Function]}
              onTouchStart={[Function]}
              tabIndex={0}
              type="button"
            >
              <span
                className="MuiButton-label"
              >
                Login
              </span>
              <span
                className="MuiTouchRipple-root"
              />
            </button>
            <div
              className="signup"
            >
              <a
                aria-current={null}
                aria-disabled={false}
                className="MuiButtonBase-root MuiButton-root MuiButton-contained signup-button MuiButton-containedSecondary"
                href="/signup"
                onBlur={[Function]}
                onClick={[Function]}
                onDragLeave={[Function]}
                onFocus={[Function]}
                onKeyDown={[Function]}
                onKeyUp={[Function]}
                onMouseDown={[Function]}
                onMouseLeave={[Function]}
                onMouseUp={[Function]}
                onTouchEnd={[Function]}
                onTouchMove={[Function]}
                onTouchStart={[Function]}
                role="button"
                tabIndex={0}
              >
                <span
                  className="MuiButton-label"
                >
                  Sign up here
                </span>
                <span
                  className="MuiTouchRipple-root"
                />
              </a>
            </div>
          </div>
        </form>
      </div>
    </div>
  </div>
</div>
`;
